Archive member included to satisfy reference by file (symbol)

/usr/lib/x86_64-linux-gnu/libc_nonshared.a(elf-init.oS)
                              /usr/lib/gcc/x86_64-linux-gnu/7/../../../x86_64-linux-gnu/Scrt1.o (__libc_csu_init)

As-needed library included to satisfy reference by file (symbol)

libc.so.6                     build/obj/stats.o (puts@@GLIBC_2.2.5)

Allocating common symbols
Common symbol       size              file

buffer              0xa               build/obj/main.o
FAKE_HEAP           0x400             build/obj/memory.o

Discarded input sections

 .note.GNU-stack
                0x0000000000000000        0x0 /usr/lib/gcc/x86_64-linux-gnu/7/../../../x86_64-linux-gnu/Scrt1.o
 .note.GNU-stack
                0x0000000000000000        0x0 /usr/lib/gcc/x86_64-linux-gnu/7/../../../x86_64-linux-gnu/crti.o
 .note.GNU-stack
                0x0000000000000000        0x0 /usr/lib/gcc/x86_64-linux-gnu/7/crtbeginS.o
 .note.GNU-stack
                0x0000000000000000        0x0 build/obj/main.o
 .note.GNU-stack
                0x0000000000000000        0x0 build/obj/memory.o
 .note.GNU-stack
                0x0000000000000000        0x0 build/obj/stats.o
 .note.GNU-stack
                0x0000000000000000        0x0 build/obj/course1.o
 .note.GNU-stack
                0x0000000000000000        0x0 build/obj/data.o
 .note.GNU-stack
                0x0000000000000000        0x0 /usr/lib/x86_64-linux-gnu/libc_nonshared.a(elf-init.oS)
 .note.GNU-stack
                0x0000000000000000        0x0 /usr/lib/gcc/x86_64-linux-gnu/7/crtendS.o
 .note.GNU-stack
                0x0000000000000000        0x0 /usr/lib/gcc/x86_64-linux-gnu/7/../../../x86_64-linux-gnu/crtn.o

Memory Configuration

Name             Origin             Length             Attributes
*default*        0x0000000000000000 0xffffffffffffffff

Linker script and memory map

LOAD /usr/lib/gcc/x86_64-linux-gnu/7/../../../x86_64-linux-gnu/Scrt1.o
LOAD /usr/lib/gcc/x86_64-linux-gnu/7/../../../x86_64-linux-gnu/crti.o
LOAD /usr/lib/gcc/x86_64-linux-gnu/7/crtbeginS.o
LOAD build/obj/main.o
LOAD build/obj/memory.o
LOAD build/obj/stats.o
LOAD build/obj/course1.o
LOAD build/obj/data.o
LOAD /usr/lib/gcc/x86_64-linux-gnu/7/libgcc.a
LOAD /usr/lib/gcc/x86_64-linux-gnu/7/libgcc_s.so
START GROUP
LOAD /usr/lib/gcc/x86_64-linux-gnu/7/libgcc_s.so.1
LOAD /usr/lib/gcc/x86_64-linux-gnu/7/libgcc.a
END GROUP
LOAD /usr/lib/gcc/x86_64-linux-gnu/7/../../../x86_64-linux-gnu/libc.so
START GROUP
LOAD /lib/x86_64-linux-gnu/libc.so.6
LOAD /usr/lib/x86_64-linux-gnu/libc_nonshared.a
LOAD /lib/x86_64-linux-gnu/ld-linux-x86-64.so.2
END GROUP
LOAD /usr/lib/gcc/x86_64-linux-gnu/7/libgcc.a
LOAD /usr/lib/gcc/x86_64-linux-gnu/7/libgcc_s.so
START GROUP
LOAD /usr/lib/gcc/x86_64-linux-gnu/7/libgcc_s.so.1
LOAD /usr/lib/gcc/x86_64-linux-gnu/7/libgcc.a
END GROUP
LOAD /usr/lib/gcc/x86_64-linux-gnu/7/crtendS.o
LOAD /usr/lib/gcc/x86_64-linux-gnu/7/../../../x86_64-linux-gnu/crtn.o
                [!provide]                        PROVIDE (__executable_start = SEGMENT_START ("text-segment", 0x0))
                0x0000000000000238                . = (SEGMENT_START ("text-segment", 0x0) + SIZEOF_HEADERS)

.interp         0x0000000000000238       0x1c
 *(.interp)
 .interp        0x0000000000000238       0x1c /usr/lib/gcc/x86_64-linux-gnu/7/../../../x86_64-linux-gnu/Scrt1.o

.note.ABI-tag   0x0000000000000254       0x20
 .note.ABI-tag  0x0000000000000254       0x20 /usr/lib/gcc/x86_64-linux-gnu/7/../../../x86_64-linux-gnu/Scrt1.o

.note.gnu.build-id
                0x0000000000000274       0x24
 *(.note.gnu.build-id)
 .note.gnu.build-id
                0x0000000000000274       0x24 /usr/lib/gcc/x86_64-linux-gnu/7/../../../x86_64-linux-gnu/Scrt1.o

.hash
 *(.hash)

.gnu.hash       0x0000000000000298       0x1c
 *(.gnu.hash)
 .gnu.hash      0x0000000000000298       0x1c /usr/lib/gcc/x86_64-linux-gnu/7/../../../x86_64-linux-gnu/Scrt1.o

.dynsym         0x00000000000002b8       0xd8
 *(.dynsym)
 .dynsym        0x00000000000002b8       0xd8 /usr/lib/gcc/x86_64-linux-gnu/7/../../../x86_64-linux-gnu/Scrt1.o

.dynstr         0x0000000000000390       0xa4
 *(.dynstr)
 .dynstr        0x0000000000000390       0xa4 /usr/lib/gcc/x86_64-linux-gnu/7/../../../x86_64-linux-gnu/Scrt1.o

.gnu.version    0x0000000000000434       0x12
 *(.gnu.version)
 .gnu.version   0x0000000000000434       0x12 /usr/lib/gcc/x86_64-linux-gnu/7/../../../x86_64-linux-gnu/Scrt1.o

.gnu.version_d  0x0000000000000448        0x0
 *(.gnu.version_d)
 .gnu.version_d
                0x0000000000000448        0x0 /usr/lib/gcc/x86_64-linux-gnu/7/../../../x86_64-linux-gnu/Scrt1.o

.gnu.version_r  0x0000000000000448       0x30
 *(.gnu.version_r)
 .gnu.version_r
                0x0000000000000448       0x30 /usr/lib/gcc/x86_64-linux-gnu/7/../../../x86_64-linux-gnu/Scrt1.o

.rela.dyn       0x0000000000000478       0xc0
 *(.rela.init)
 *(.rela.text .rela.text.* .rela.gnu.linkonce.t.*)
 .rela.text     0x0000000000000478        0x0 /usr/lib/gcc/x86_64-linux-gnu/7/../../../x86_64-linux-gnu/Scrt1.o
 *(.rela.fini)
 *(.rela.rodata .rela.rodata.* .rela.gnu.linkonce.r.*)
 *(.rela.data .rela.data.* .rela.gnu.linkonce.d.*)
 .rela.data.rel.ro
                0x0000000000000478        0x0 /usr/lib/gcc/x86_64-linux-gnu/7/../../../x86_64-linux-gnu/Scrt1.o
 .rela.data.rel.local
                0x0000000000000478       0x18 /usr/lib/gcc/x86_64-linux-gnu/7/../../../x86_64-linux-gnu/Scrt1.o
 *(.rela.tdata .rela.tdata.* .rela.gnu.linkonce.td.*)
 *(.rela.tbss .rela.tbss.* .rela.gnu.linkonce.tb.*)
 *(.rela.ctors)
 *(.rela.dtors)
 *(.rela.got)
 .rela.got      0x0000000000000490       0x78 /usr/lib/gcc/x86_64-linux-gnu/7/../../../x86_64-linux-gnu/Scrt1.o
 *(.rela.bss .rela.bss.* .rela.gnu.linkonce.b.*)
 .rela.bss      0x0000000000000508        0x0 /usr/lib/gcc/x86_64-linux-gnu/7/../../../x86_64-linux-gnu/Scrt1.o
 *(.rela.ldata .rela.ldata.* .rela.gnu.linkonce.l.*)
 *(.rela.lbss .rela.lbss.* .rela.gnu.linkonce.lb.*)
 *(.rela.lrodata .rela.lrodata.* .rela.gnu.linkonce.lr.*)
 *(.rela.ifunc)
 .rela.ifunc    0x0000000000000508        0x0 /usr/lib/gcc/x86_64-linux-gnu/7/../../../x86_64-linux-gnu/Scrt1.o
 .rela.fini_array
                0x0000000000000508       0x18 /usr/lib/gcc/x86_64-linux-gnu/7/../../../x86_64-linux-gnu/Scrt1.o
 .rela.init_array
                0x0000000000000520       0x18 /usr/lib/gcc/x86_64-linux-gnu/7/../../../x86_64-linux-gnu/Scrt1.o

.rela.plt       0x0000000000000538       0x48
 *(.rela.plt)
 .rela.plt      0x0000000000000538       0x48 /usr/lib/gcc/x86_64-linux-gnu/7/../../../x86_64-linux-gnu/Scrt1.o
                [!provide]                        PROVIDE (__rela_iplt_start = .)
 *(.rela.iplt)
                [!provide]                        PROVIDE (__rela_iplt_end = .)

.init           0x0000000000000580       0x17
 *(SORT_NONE(.init))
 .init          0x0000000000000580       0x12 /usr/lib/gcc/x86_64-linux-gnu/7/../../../x86_64-linux-gnu/crti.o
                0x0000000000000580                _init
 .init          0x0000000000000592        0x5 /usr/lib/gcc/x86_64-linux-gnu/7/../../../x86_64-linux-gnu/crtn.o

.plt            0x00000000000005a0       0x40
 *(.plt)
 .plt           0x00000000000005a0       0x40 /usr/lib/gcc/x86_64-linux-gnu/7/../../../x86_64-linux-gnu/Scrt1.o
 *(.iplt)

.plt.got        0x00000000000005e0        0x8
 *(.plt.got)
 .plt.got       0x00000000000005e0        0x8 /usr/lib/gcc/x86_64-linux-gnu/7/../../../x86_64-linux-gnu/Scrt1.o

.plt.sec
 *(.plt.sec)

.text           0x00000000000005f0     0x1042
 *(.text.unlikely .text.*_unlikely .text.unlikely.*)
 *(.text.exit .text.exit.*)
 *(.text.startup .text.startup.*)
 *(.text.hot .text.hot.*)
 *(.text .stub .text.* .gnu.linkonce.t.*)
 .text          0x00000000000005f0       0x2b /usr/lib/gcc/x86_64-linux-gnu/7/../../../x86_64-linux-gnu/Scrt1.o
                0x00000000000005f0                _start
 .text          0x000000000000061b        0x0 /usr/lib/gcc/x86_64-linux-gnu/7/../../../x86_64-linux-gnu/crti.o
 *fill*         0x000000000000061b        0x5 
 .text          0x0000000000000620       0xda /usr/lib/gcc/x86_64-linux-gnu/7/crtbeginS.o
 .text          0x00000000000006fa       0x10 build/obj/main.o
                0x00000000000006fa                main
 .text          0x000000000000070a      0x2f8 build/obj/memory.o
                0x000000000000070a                set_value
                0x000000000000072d                clear_value
                0x0000000000000755                get_value
                0x000000000000076f                set_all
                0x00000000000007b0                clear_all
                0x00000000000007d6                my_memmove
                0x000000000000087b                my_memcopy
                0x00000000000008c5                my_memset
                0x0000000000000906                my_memzero
                0x0000000000000930                my_reverse
                0x00000000000009a9                reserve_words
                0x00000000000009e2                free_words
 .text          0x0000000000000a02      0x274 build/obj/stats.o
                0x0000000000000a02                print_statistics
                0x0000000000000a36                print_array
                0x0000000000000ad3                find_median
                0x0000000000000b59                find_mean
                0x0000000000000b9f                find_maximum
                0x0000000000000bc2                find_minimum
                0x0000000000000bd9                sort_array
 .text          0x0000000000000c76      0x90f build/obj/course1.o
                0x0000000000000c76                test_data1
                0x0000000000000d36                test_data2
                0x0000000000000df6                test_memmove1
                0x0000000000000ee5                test_memmove2
                0x0000000000000fd4                test_memmove3
                0x00000000000010c8                test_memcopy
                0x00000000000011b7                test_memset
                0x00000000000012dd                test_reverse
                0x000000000000145a                course1
 .text          0x0000000000001585       0x2c build/obj/data.o
                0x0000000000001585                my_itoa
                0x000000000000159a                my_atoi
 *fill*         0x00000000000015b1        0xf 
 .text          0x00000000000015c0       0x72 /usr/lib/x86_64-linux-gnu/libc_nonshared.a(elf-init.oS)
                0x00000000000015c0                __libc_csu_init
                0x0000000000001630                __libc_csu_fini
 .text          0x0000000000001632        0x0 /usr/lib/gcc/x86_64-linux-gnu/7/crtendS.o
 .text          0x0000000000001632        0x0 /usr/lib/gcc/x86_64-linux-gnu/7/../../../x86_64-linux-gnu/crtn.o
 *(.gnu.warning)

.fini           0x0000000000001634        0x9
 *(SORT_NONE(.fini))
 .fini          0x0000000000001634        0x4 /usr/lib/gcc/x86_64-linux-gnu/7/../../../x86_64-linux-gnu/crti.o
                0x0000000000001634                _fini
 .fini          0x0000000000001638        0x5 /usr/lib/gcc/x86_64-linux-gnu/7/../../../x86_64-linux-gnu/crtn.o
                [!provide]                        PROVIDE (__etext = .)
                [!provide]                        PROVIDE (_etext = .)
                [!provide]                        PROVIDE (etext = .)

.rodata         0x0000000000001640      0x19d
 *(.rodata .rodata.* .gnu.linkonce.r.*)
 .rodata.cst4   0x0000000000001640        0x4 /usr/lib/gcc/x86_64-linux-gnu/7/../../../x86_64-linux-gnu/Scrt1.o
                0x0000000000001640                _IO_stdin_used
 .rodata        0x0000000000001644       0x13 build/obj/stats.o
 *fill*         0x0000000000001657        0x1 
 .rodata        0x0000000000001658      0x185 build/obj/course1.o

.rodata1
 *(.rodata1)

.eh_frame_hdr   0x00000000000017e0      0x12c
 *(.eh_frame_hdr)
 .eh_frame_hdr  0x00000000000017e0      0x12c /usr/lib/gcc/x86_64-linux-gnu/7/../../../x86_64-linux-gnu/Scrt1.o
                0x00000000000017e0                __GNU_EH_FRAME_HDR
 *(.eh_frame_entry .eh_frame_entry.*)

.eh_frame       0x0000000000001910      0x4c8
 *(.eh_frame)
 .eh_frame      0x0000000000001910       0x30 /usr/lib/gcc/x86_64-linux-gnu/7/../../../x86_64-linux-gnu/Scrt1.o
                                         0x2c (size before relaxing)
 *fill*         0x0000000000001940        0x0 
 .eh_frame      0x0000000000001940       0x40 /usr/lib/gcc/x86_64-linux-gnu/7/../../../x86_64-linux-gnu/Scrt1.o
 .eh_frame      0x0000000000001980       0x18 /usr/lib/gcc/x86_64-linux-gnu/7/../../../x86_64-linux-gnu/Scrt1.o
                                         0x30 (size before relaxing)
 .eh_frame      0x0000000000001998       0x20 build/obj/main.o
                                         0x38 (size before relaxing)
 .eh_frame      0x00000000000019b8      0x180 build/obj/memory.o
                                        0x198 (size before relaxing)
 .eh_frame      0x0000000000001b38       0xe0 build/obj/stats.o
                                         0xf8 (size before relaxing)
 .eh_frame      0x0000000000001c18      0x120 build/obj/course1.o
                                        0x138 (size before relaxing)
 .eh_frame      0x0000000000001d38       0x40 build/obj/data.o
                                         0x58 (size before relaxing)
 .eh_frame      0x0000000000001d78       0x5c /usr/lib/x86_64-linux-gnu/libc_nonshared.a(elf-init.oS)
                                         0x78 (size before relaxing)
 .eh_frame      0x0000000000001dd4        0x4 /usr/lib/gcc/x86_64-linux-gnu/7/crtendS.o
 *(.eh_frame.*)

.gcc_except_table
 *(.gcc_except_table .gcc_except_table.*)

.gnu_extab
 *(.gnu_extab*)

.exception_ranges
 *(.exception_ranges .exception_ranges*)
                0x0000000000202da8                . = DATA_SEGMENT_ALIGN (CONSTANT (MAXPAGESIZE), CONSTANT (COMMONPAGESIZE))

.eh_frame
 *(.eh_frame)
 *(.eh_frame.*)

.gnu_extab
 *(.gnu_extab)

.gcc_except_table
 *(.gcc_except_table .gcc_except_table.*)

.exception_ranges
 *(.exception_ranges .exception_ranges*)

.tdata
 *(.tdata .tdata.* .gnu.linkonce.td.*)

.tbss
 *(.tbss .tbss.* .gnu.linkonce.tb.*)
 *(.tcommon)

.preinit_array  0x0000000000202da8        0x0
                [!provide]                        PROVIDE (__preinit_array_start = .)
 *(.preinit_array)
                [!provide]                        PROVIDE (__preinit_array_end = .)

.init_array     0x0000000000202da8        0x8
                0x0000000000202da8                PROVIDE (__init_array_start = .)
 *(SORT_BY_INIT_PRIORITY(.init_array.*) SORT_BY_INIT_PRIORITY(.ctors.*))
 *(.init_array EXCLUDE_FILE(*crtend?.o *crtend.o *crtbegin?.o *crtbegin.o) .ctors)
 .init_array    0x0000000000202da8        0x8 /usr/lib/gcc/x86_64-linux-gnu/7/crtbeginS.o
                0x0000000000202db0                PROVIDE (__init_array_end = .)

.fini_array     0x0000000000202db0        0x8
                [!provide]                        PROVIDE (__fini_array_start = .)
 *(SORT_BY_INIT_PRIORITY(.fini_array.*) SORT_BY_INIT_PRIORITY(.dtors.*))
 *(.fini_array EXCLUDE_FILE(*crtend?.o *crtend.o *crtbegin?.o *crtbegin.o) .dtors)
 .fini_array    0x0000000000202db0        0x8 /usr/lib/gcc/x86_64-linux-gnu/7/crtbeginS.o
                [!provide]                        PROVIDE (__fini_array_end = .)

.ctors
 *crtbegin.o(.ctors)
 *crtbegin?.o(.ctors)
 *(EXCLUDE_FILE(*crtend?.o *crtend.o) .ctors)
 *(SORT_BY_NAME(.ctors.*))
 *(.ctors)

.dtors
 *crtbegin.o(.dtors)
 *crtbegin?.o(.dtors)
 *(EXCLUDE_FILE(*crtend?.o *crtend.o) .dtors)
 *(SORT_BY_NAME(.dtors.*))
 *(.dtors)

.jcr
 *(.jcr)

.data.rel.ro    0x0000000000202db8        0x0
 *(.data.rel.ro.local* .gnu.linkonce.d.rel.ro.local.*)
 *(.data.rel.ro .data.rel.ro.* .gnu.linkonce.d.rel.ro.*)
 .data.rel.ro   0x0000000000202db8        0x0 /usr/lib/gcc/x86_64-linux-gnu/7/../../../x86_64-linux-gnu/Scrt1.o

.dynamic        0x0000000000202db8      0x1f0
 *(.dynamic)
 .dynamic       0x0000000000202db8      0x1f0 /usr/lib/gcc/x86_64-linux-gnu/7/../../../x86_64-linux-gnu/Scrt1.o
                0x0000000000202db8                _DYNAMIC

.got            0x0000000000202fa8       0x58
 *(.got.plt)
 .got.plt       0x0000000000202fa8       0x30 /usr/lib/gcc/x86_64-linux-gnu/7/../../../x86_64-linux-gnu/Scrt1.o
                0x0000000000202fa8                _GLOBAL_OFFSET_TABLE_
 *(.igot.plt)
 *(.got)
 .got           0x0000000000202fd8       0x28 /usr/lib/gcc/x86_64-linux-gnu/7/../../../x86_64-linux-gnu/Scrt1.o
 *(.igot)
                0x0000000000203000                . = DATA_SEGMENT_RELRO_END (., 0x0)

.data           0x0000000000203000       0x10
 *(.data .data.* .gnu.linkonce.d.*)
 .data          0x0000000000203000        0x4 /usr/lib/gcc/x86_64-linux-gnu/7/../../../x86_64-linux-gnu/Scrt1.o
                0x0000000000203000                data_start
                0x0000000000203000                __data_start
 .data          0x0000000000203004        0x0 /usr/lib/gcc/x86_64-linux-gnu/7/../../../x86_64-linux-gnu/crti.o
 .data          0x0000000000203004        0x0 /usr/lib/gcc/x86_64-linux-gnu/7/crtbeginS.o
 *fill*         0x0000000000203004        0x4 
 .data.rel.local
                0x0000000000203008        0x8 /usr/lib/gcc/x86_64-linux-gnu/7/crtbeginS.o
                0x0000000000203008                __dso_handle
 .data          0x0000000000203010        0x0 build/obj/main.o
 .data          0x0000000000203010        0x0 build/obj/memory.o
 .data          0x0000000000203010        0x0 build/obj/stats.o
 .data          0x0000000000203010        0x0 build/obj/course1.o
 .data          0x0000000000203010        0x0 build/obj/data.o
 .data          0x0000000000203010        0x0 /usr/lib/x86_64-linux-gnu/libc_nonshared.a(elf-init.oS)
 .data          0x0000000000203010        0x0 /usr/lib/gcc/x86_64-linux-gnu/7/crtendS.o
 .data          0x0000000000203010        0x0 /usr/lib/gcc/x86_64-linux-gnu/7/../../../x86_64-linux-gnu/crtn.o

.tm_clone_table
                0x0000000000203010        0x0
 .tm_clone_table
                0x0000000000203010        0x0 /usr/lib/gcc/x86_64-linux-gnu/7/crtbeginS.o
 .tm_clone_table
                0x0000000000203010        0x0 /usr/lib/gcc/x86_64-linux-gnu/7/crtendS.o

.data1
 *(.data1)
                0x0000000000203010                _edata = .
                [!provide]                        PROVIDE (edata = .)
                0x0000000000203010                . = .
                0x0000000000203010                __bss_start = .

.bss            0x0000000000203020      0x420
 *(.dynbss)
 .dynbss        0x0000000000203020        0x0 /usr/lib/gcc/x86_64-linux-gnu/7/../../../x86_64-linux-gnu/Scrt1.o
 *(.bss .bss.* .gnu.linkonce.b.*)
 .bss           0x0000000000203020        0x0 /usr/lib/gcc/x86_64-linux-gnu/7/../../../x86_64-linux-gnu/Scrt1.o
 .bss           0x0000000000203020        0x0 /usr/lib/gcc/x86_64-linux-gnu/7/../../../x86_64-linux-gnu/crti.o
 .bss           0x0000000000203020        0x1 /usr/lib/gcc/x86_64-linux-gnu/7/crtbeginS.o
 .bss           0x0000000000203021        0x0 build/obj/main.o
 .bss           0x0000000000203021        0x0 build/obj/memory.o
 .bss           0x0000000000203021        0x0 build/obj/stats.o
 .bss           0x0000000000203021        0x0 build/obj/course1.o
 .bss           0x0000000000203021        0x0 build/obj/data.o
 .bss           0x0000000000203021        0x0 /usr/lib/x86_64-linux-gnu/libc_nonshared.a(elf-init.oS)
 .bss           0x0000000000203021        0x0 /usr/lib/gcc/x86_64-linux-gnu/7/crtendS.o
 .bss           0x0000000000203021        0x0 /usr/lib/gcc/x86_64-linux-gnu/7/../../../x86_64-linux-gnu/crtn.o
 *(COMMON)
 *fill*         0x0000000000203021        0x7 
 COMMON         0x0000000000203028        0xa build/obj/main.o
                0x0000000000203028                buffer
 *fill*         0x0000000000203032        0xe 
 COMMON         0x0000000000203040      0x400 build/obj/memory.o
                0x0000000000203040                FAKE_HEAP
                0x0000000000203440                . = ALIGN ((. != 0x0)?0x8:0x1)

.lbss
 *(.dynlbss)
 *(.lbss .lbss.* .gnu.linkonce.lb.*)
 *(LARGE_COMMON)
                0x0000000000203440                . = ALIGN (0x8)
                0x0000000000203440                . = SEGMENT_START ("ldata-segment", .)

.lrodata
 *(.lrodata .lrodata.* .gnu.linkonce.lr.*)

.ldata          0x0000000000603440        0x0
 *(.ldata .ldata.* .gnu.linkonce.l.*)
                0x0000000000603440                . = ALIGN ((. != 0x0)?0x8:0x1)
                0x0000000000603440                . = ALIGN (0x8)
                0x0000000000603440                _end = .
                [!provide]                        PROVIDE (end = .)
                0x0000000000603440                . = DATA_SEGMENT_END (.)

.stab
 *(.stab)

.stabstr
 *(.stabstr)

.stab.excl
 *(.stab.excl)

.stab.exclstr
 *(.stab.exclstr)

.stab.index
 *(.stab.index)

.stab.indexstr
 *(.stab.indexstr)

.comment        0x0000000000000000       0x2b
 *(.comment)
 .comment       0x0000000000000000       0x2b /usr/lib/gcc/x86_64-linux-gnu/7/crtbeginS.o
                                         0x2c (size before relaxing)
 .comment       0x000000000000002b       0x2c build/obj/main.o
 .comment       0x000000000000002b       0x2c build/obj/memory.o
 .comment       0x000000000000002b       0x2c build/obj/stats.o
 .comment       0x000000000000002b       0x2c build/obj/course1.o
 .comment       0x000000000000002b       0x2c build/obj/data.o
 .comment       0x000000000000002b       0x2c /usr/lib/gcc/x86_64-linux-gnu/7/crtendS.o

.debug
 *(.debug)

.line
 *(.line)

.debug_srcinfo
 *(.debug_srcinfo)

.debug_sfnames
 *(.debug_sfnames)

.debug_aranges  0x0000000000000000       0xf0
 *(.debug_aranges)
 .debug_aranges
                0x0000000000000000       0x30 build/obj/main.o
 .debug_aranges
                0x0000000000000030       0x30 build/obj/memory.o
 .debug_aranges
                0x0000000000000060       0x30 build/obj/stats.o
 .debug_aranges
                0x0000000000000090       0x30 build/obj/course1.o
 .debug_aranges
                0x00000000000000c0       0x30 build/obj/data.o

.debug_pubnames
 *(.debug_pubnames)

.debug_info     0x0000000000000000     0x128e
 *(.debug_info .gnu.linkonce.wi.*)
 .debug_info    0x0000000000000000       0xaf build/obj/main.o
 .debug_info    0x00000000000000af      0x4c4 build/obj/memory.o
 .debug_info    0x0000000000000573      0x532 build/obj/stats.o
 .debug_info    0x0000000000000aa5      0x6a0 build/obj/course1.o
 .debug_info    0x0000000000001145      0x149 build/obj/data.o

.debug_abbrev   0x0000000000000000      0x4b2
 *(.debug_abbrev)
 .debug_abbrev  0x0000000000000000       0x67 build/obj/main.o
 .debug_abbrev  0x0000000000000067      0x10e build/obj/memory.o
 .debug_abbrev  0x0000000000000175      0x14b build/obj/stats.o
 .debug_abbrev  0x00000000000002c0      0x15e build/obj/course1.o
 .debug_abbrev  0x000000000000041e       0x94 build/obj/data.o

.debug_line     0x0000000000000000      0x5ea
 *(.debug_line .debug_line.* .debug_line_end)
 .debug_line    0x0000000000000000       0x41 build/obj/main.o
 .debug_line    0x0000000000000041      0x173 build/obj/memory.o
 .debug_line    0x00000000000001b4      0x135 build/obj/stats.o
 .debug_line    0x00000000000002e9      0x26f build/obj/course1.o
 .debug_line    0x0000000000000558       0x92 build/obj/data.o

.debug_frame
 *(.debug_frame)

.debug_str      0x0000000000000000      0x48f
 *(.debug_str)
 .debug_str     0x0000000000000000       0xe4 build/obj/main.o
                                        0x102 (size before relaxing)
 .debug_str     0x00000000000000e4       0xd0 build/obj/memory.o
                                        0x1da (size before relaxing)
 .debug_str     0x00000000000001b4      0x21e build/obj/stats.o
                                        0x318 (size before relaxing)
 .debug_str     0x00000000000003d2       0x9d build/obj/course1.o
                                        0x3a3 (size before relaxing)
 .debug_str     0x000000000000046f       0x20 build/obj/data.o
                                        0x14f (size before relaxing)

.debug_loc
 *(.debug_loc)

.debug_macinfo
 *(.debug_macinfo)

.debug_weaknames
 *(.debug_weaknames)

.debug_funcnames
 *(.debug_funcnames)

.debug_typenames
 *(.debug_typenames)

.debug_varnames
 *(.debug_varnames)

.debug_pubtypes
 *(.debug_pubtypes)

.debug_ranges
 *(.debug_ranges)

.debug_macro
 *(.debug_macro)

.debug_addr
 *(.debug_addr)

.gnu.attributes
 *(.gnu.attributes)

/DISCARD/
 *(.note.GNU-stack)
 *(.gnu_debuglink)
 *(.gnu.lto_*)
OUTPUT(build/c1m2.out elf64-x86-64)
